EN seven_seg_dec NULL //DR-TEETH/pubdir/Lehrveranstaltungen/VHDL-Kurs/pong_reference/src/score_display/src/seven_seg_dec.vhd sub00/vhpl38 1470207347
AR address_generator address_generator_arch //DR-TEETH/pubdir/Lehrveranstaltungen/VHDL-Kurs/pong_reference/src/sound_interface/address_generator.vhd sub00/vhpl15 1470207324
AR collision_detection behavioral //DR-TEETH/pubdir/Lehrveranstaltungen/VHDL-Kurs/pong_reference/src/collision_detection/src/collision_detection.vhd sub00/vhpl59 1470207368
PH stimmung_lut_pkg NULL //DR-TEETH/pubdir/Lehrveranstaltungen/VHDL-Kurs/pong_reference/src/sound_interface/applied_components/tuningtable/stimmung_lut_6_x_32.vhd sub00/vhpl12 1470207321
AR dds dds_toplevel //DR-TEETH/pubdir/Lehrveranstaltungen/VHDL-Kurs/pong_reference/src/sound_interface/applied_components/dds_synthesizer/dds.vhd sub00/vhpl23 1470207332
PH sine_lut_pkg NULL //DR-TEETH/pubdir/Lehrveranstaltungen/VHDL-Kurs/pong_reference/src/sound_interface/applied_components/dds_synthesizer/sine_lut_8_x_16.vhd sub00/vhpl00 1470207309
AR note_duration_fsm note_duration_fsm_arch //DR-TEETH/pubdir/Lehrveranstaltungen/VHDL-Kurs/pong_reference/src/sound_interface/note_duration_fsm.vhd sub00/vhpl05 1470207314
EN bin_to_bcd_dec NULL //DR-TEETH/pubdir/Lehrveranstaltungen/VHDL-Kurs/pong_reference/src/score_display/src/bin_to_bcd_dec.vhd sub00/vhpl36 1470207345
EN note_generator NULL //DR-TEETH/pubdir/Lehrveranstaltungen/VHDL-Kurs/pong_reference/src/sound_interface/note_generator.vhd sub00/vhpl18 1470207327
AR audio_clk_gen audio_clk_gen_arch //DR-TEETH/pubdir/Lehrveranstaltungen/VHDL-Kurs/pong_reference/src/sound_interface/applied_components/MMcodec01/audio_clk_gen.vhd sub00/vhpl43 1470207352
AR ball_motion behavioral //DR-TEETH/pubdir/Lehrveranstaltungen/VHDL-Kurs/pong_reference/src/ball_motion/src/ball_motion.vhd sub00/vhpl61 1470207370
PB sine_lut_pkg sine_lut_pkg //DR-TEETH/pubdir/Lehrveranstaltungen/VHDL-Kurs/pong_reference/src/sound_interface/applied_components/dds_synthesizer/sine_lut_8_x_16.vhd sub00/vhpl01 1470207310
EN dds NULL //DR-TEETH/pubdir/Lehrveranstaltungen/VHDL-Kurs/pong_reference/src/sound_interface/applied_components/dds_synthesizer/dds.vhd sub00/vhpl22 1470207331
EN score_counter NULL //DR-TEETH/pubdir/Lehrveranstaltungen/VHDL-Kurs/pong_reference/src/score_display/src/score_counter.vhd sub00/vhpl34 1470207343
AR sound_interface sound_interface_arch //DR-TEETH/pubdir/Lehrveranstaltungen/VHDL-Kurs/pong_reference/src/sound_interface/sound_interface.vhd sub00/vhpl65 1470207374
AR melody_table behavioral //DR-TEETH/pubdir/Lehrveranstaltungen/VHDL-Kurs/pong_reference/src/sound_interface/applied_components/melodies/melody_table.vhd sub00/vhpl17 1470207326
AR controller_interface controller_interface_arch //DR-TEETH/pubdir/Lehrveranstaltungen/VHDL-Kurs/pong_reference/src/rotary_encoder/src/controller_interface.vhd sub00/vhpl57 1470207366
EN mmcodec01 NULL //DR-TEETH/pubdir/Lehrveranstaltungen/VHDL-Kurs/pong_reference/src/sound_interface/applied_components/MMcodec01/MMcodec01.vhd sub00/vhpl44 1470207353
AR mmcodec01 mmcodec01arch //DR-TEETH/pubdir/Lehrveranstaltungen/VHDL-Kurs/pong_reference/src/sound_interface/applied_components/MMcodec01/MMcodec01.vhd sub00/vhpl45 1470207354
AR rot_enc_decoder rot_enc_decoder_arch //DR-TEETH/pubdir/Lehrveranstaltungen/VHDL-Kurs/pong_reference/src/rotary_encoder/src/rot_enc_decoder.vhd sub00/vhpl53 1470207362
EN controller_interface NULL //DR-TEETH/pubdir/Lehrveranstaltungen/VHDL-Kurs/pong_reference/src/rotary_encoder/src/controller_interface.vhd sub00/vhpl56 1470207365
AR note_generator note_generator_arch //DR-TEETH/pubdir/Lehrveranstaltungen/VHDL-Kurs/pong_reference/src/sound_interface/note_generator.vhd sub00/vhpl19 1470207328
EN mmcodec_init NULL //DR-TEETH/pubdir/Lehrveranstaltungen/VHDL-Kurs/pong_reference/src/sound_interface/applied_components/MMcodec01/mmCodec_initial.vhd sub00/vhpl26 1470207335
PB melodie_constants_pkg melodie_constants_pkg //DR-TEETH/pubdir/Lehrveranstaltungen/VHDL-Kurs/pong_reference/src/sound_interface/applied_components/melodies/melody_pkg.vhd sub00/vhpl03 1470207312
EN note_duration_fsm NULL //DR-TEETH/pubdir/Lehrveranstaltungen/VHDL-Kurs/pong_reference/src/sound_interface/note_duration_fsm.vhd sub00/vhpl04 1470207313
EN frequenz_div NULL //DR-TEETH/pubdir/Lehrveranstaltungen/VHDL-Kurs/pong_reference/src/sound_interface/applied_components/MMcodec01/frequenz_div.vhd sub00/vhpl32 1470207341
PH melodie_constants_pkg NULL //DR-TEETH/pubdir/Lehrveranstaltungen/VHDL-Kurs/pong_reference/src/sound_interface/applied_components/melodies/melody_pkg.vhd sub00/vhpl02 1470207311
AR vol_ctrl volume_control //DR-TEETH/pubdir/Lehrveranstaltungen/VHDL-Kurs/pong_reference/src/sound_interface/applied_components/volume_control/vol_ctrl.vhd sub00/vhpl25 1470207334
AR score_display score_display_arch //DR-TEETH/pubdir/Lehrveranstaltungen/VHDL-Kurs/pong_reference/src/score_display/src/score_display.vhd sub00/vhpl67 1470207376
PB dds_synthesizer_pkg dds_synthesizer_pkg //DR-TEETH/pubdir/Lehrveranstaltungen/VHDL-Kurs/pong_reference/src/sound_interface/applied_components/dds_synthesizer/dds_synthesizer.vhd sub00/vhpl09 1470207318
PB stimmung_lut_pkg stimmung_lut_pkg //DR-TEETH/pubdir/Lehrveranstaltungen/VHDL-Kurs/pong_reference/src/sound_interface/applied_components/tuningtable/stimmung_lut_6_x_32.vhd sub00/vhpl13 1470207322
EN sound_interface NULL //DR-TEETH/pubdir/Lehrveranstaltungen/VHDL-Kurs/pong_reference/src/sound_interface/sound_interface.vhd sub00/vhpl64 1470207373
EN debounce NULL //DR-TEETH/pubdir/Lehrveranstaltungen/VHDL-Kurs/pong_reference/src/rotary_encoder/src/debounce.vhd sub00/vhpl50 1470207359
EN audio_clk_gen NULL //DR-TEETH/pubdir/Lehrveranstaltungen/VHDL-Kurs/pong_reference/src/sound_interface/applied_components/MMcodec01/audio_clk_gen.vhd sub00/vhpl42 1470207351
EN melody_player NULL //DR-TEETH/pubdir/Lehrveranstaltungen/VHDL-Kurs/pong_reference/src/sound_interface/melody_player.vhd sub00/vhpl46 1470207355
EN dds_synthesizer NULL //DR-TEETH/pubdir/Lehrveranstaltungen/VHDL-Kurs/pong_reference/src/sound_interface/applied_components/dds_synthesizer/dds_synthesizer.vhd sub00/vhpl10 1470207319
PH dds_synthesizer_pkg NULL //DR-TEETH/pubdir/Lehrveranstaltungen/VHDL-Kurs/pong_reference/src/sound_interface/applied_components/dds_synthesizer/dds_synthesizer.vhd sub00/vhpl08 1470207317
EN address_counter NULL //DR-TEETH/pubdir/Lehrveranstaltungen/VHDL-Kurs/pong_reference/src/sound_interface/address_counter.vhd sub00/vhpl06 1470207315
AR address_counter address_counter_arch //DR-TEETH/pubdir/Lehrveranstaltungen/VHDL-Kurs/pong_reference/src/sound_interface/address_counter.vhd sub00/vhpl07 1470207316
EN contrl_int NULL //DR-TEETH/pubdir/Lehrveranstaltungen/VHDL-Kurs/pong_reference/src/sound_interface/applied_components/MMcodec01/cntrl_int_neu.vhd sub00/vhpl28 1470207337
AR vga_controller behavioral //DR-TEETH/pubdir/Lehrveranstaltungen/VHDL-Kurs/pong_reference/src/vga_controller/src/vga_controller.vhd sub00/vhpl63 1470207372
EN melody_table NULL //DR-TEETH/pubdir/Lehrveranstaltungen/VHDL-Kurs/pong_reference/src/sound_interface/applied_components/melodies/melody_table.vhd sub00/vhpl16 1470207325
AR mmcodec_init mmcodec_init_arch //DR-TEETH/pubdir/Lehrveranstaltungen/VHDL-Kurs/pong_reference/src/sound_interface/applied_components/MMcodec01/mmCodec_initial.vhd sub00/vhpl27 1470207336
EN dac_mmcodec01 NULL //DR-TEETH/pubdir/Lehrveranstaltungen/VHDL-Kurs/pong_reference/src/sound_interface/applied_components/MMcodec01/mmCodec01_dac_int.vhd sub00/vhpl30 1470207339
PB debounce_pkg debounce_pkg //DR-TEETH/pubdir/Lehrveranstaltungen/VHDL-Kurs/pong_reference/src/rotary_encoder/src/debounce.vhd sub00/vhpl49 1470207358
AR pong_top behavior //DR-TEETH/pubdir/Lehrveranstaltungen/VHDL-Kurs/pong_reference/src/pong_toplevel.vhd sub00/vhpl69 1470207378
PH melodie NULL //DR-TEETH/pubdir/Lehrveranstaltungen/VHDL-Kurs/pong_reference/src/sound_interface/applied_components/melodies/melody_pong.vhd sub00/vhpl40 1470207349
AR dds_synthesizer dds_synthesizer_arch //DR-TEETH/pubdir/Lehrveranstaltungen/VHDL-Kurs/pong_reference/src/sound_interface/applied_components/dds_synthesizer/dds_synthesizer.vhd sub00/vhpl11 1470207320
AR debounce debounce_arch //DR-TEETH/pubdir/Lehrveranstaltungen/VHDL-Kurs/pong_reference/src/rotary_encoder/src/debounce.vhd sub00/vhpl51 1470207360
AR score_counter score_counter_arch //DR-TEETH/pubdir/Lehrveranstaltungen/VHDL-Kurs/pong_reference/src/score_display/src/score_counter.vhd sub00/vhpl35 1470207344
EN score_display NULL //DR-TEETH/pubdir/Lehrveranstaltungen/VHDL-Kurs/pong_reference/src/score_display/src/score_display.vhd sub00/vhpl66 1470207375
AR contrl_int cntrl_arch //DR-TEETH/pubdir/Lehrveranstaltungen/VHDL-Kurs/pong_reference/src/sound_interface/applied_components/MMcodec01/cntrl_int_neu.vhd sub00/vhpl29 1470207338
PB melodie melodie //DR-TEETH/pubdir/Lehrveranstaltungen/VHDL-Kurs/pong_reference/src/sound_interface/applied_components/melodies/melody_pong.vhd sub00/vhpl41 1470207350
AR clock_enable behavioral //DR-TEETH/pubdir/Lehrveranstaltungen/VHDL-Kurs/pong_reference/src/clock_enable.vhd sub00/vhpl55 1470207364
AR seven_seg_dec seven_seg_dec_arch //DR-TEETH/pubdir/Lehrveranstaltungen/VHDL-Kurs/pong_reference/src/score_display/src/seven_seg_dec.vhd sub00/vhpl39 1470207348
EN vga_controller NULL //DR-TEETH/pubdir/Lehrveranstaltungen/VHDL-Kurs/pong_reference/src/vga_controller/src/vga_controller.vhd sub00/vhpl62 1470207371
AR melody_player melody_player_arch //DR-TEETH/pubdir/Lehrveranstaltungen/VHDL-Kurs/pong_reference/src/sound_interface/melody_player.vhd sub00/vhpl47 1470207356
AR dac_mmcodec01 dac_mmcodec01_arch //DR-TEETH/pubdir/Lehrveranstaltungen/VHDL-Kurs/pong_reference/src/sound_interface/applied_components/MMcodec01/mmCodec01_dac_int.vhd sub00/vhpl31 1470207340
EN clock_enable NULL //DR-TEETH/pubdir/Lehrveranstaltungen/VHDL-Kurs/pong_reference/src/clock_enable.vhd sub00/vhpl54 1470207363
EN pong_top NULL //DR-TEETH/pubdir/Lehrveranstaltungen/VHDL-Kurs/pong_reference/src/pong_toplevel.vhd sub00/vhpl68 1470207377
PH debounce_pkg NULL //DR-TEETH/pubdir/Lehrveranstaltungen/VHDL-Kurs/pong_reference/src/rotary_encoder/src/debounce.vhd sub00/vhpl48 1470207357
EN ball_motion NULL //DR-TEETH/pubdir/Lehrveranstaltungen/VHDL-Kurs/pong_reference/src/ball_motion/src/ball_motion.vhd sub00/vhpl60 1470207369
AR tuning_table behavioral //DR-TEETH/pubdir/Lehrveranstaltungen/VHDL-Kurs/pong_reference/src/sound_interface/applied_components/tuningtable/tuning_table.vhd sub00/vhpl21 1470207330
EN tuning_table NULL //DR-TEETH/pubdir/Lehrveranstaltungen/VHDL-Kurs/pong_reference/src/sound_interface/applied_components/tuningtable/tuning_table.vhd sub00/vhpl20 1470207329
EN collision_detection NULL //DR-TEETH/pubdir/Lehrveranstaltungen/VHDL-Kurs/pong_reference/src/collision_detection/src/collision_detection.vhd sub00/vhpl58 1470207367
AR bin_to_bcd_dec bin_to_bcd_dec_arch //DR-TEETH/pubdir/Lehrveranstaltungen/VHDL-Kurs/pong_reference/src/score_display/src/bin_to_bcd_dec.vhd sub00/vhpl37 1470207346
EN rot_enc_decoder NULL //DR-TEETH/pubdir/Lehrveranstaltungen/VHDL-Kurs/pong_reference/src/rotary_encoder/src/rot_enc_decoder.vhd sub00/vhpl52 1470207361
EN vol_ctrl NULL //DR-TEETH/pubdir/Lehrveranstaltungen/VHDL-Kurs/pong_reference/src/sound_interface/applied_components/volume_control/vol_ctrl.vhd sub00/vhpl24 1470207333
AR frequenz_div frequenzdivarch //DR-TEETH/pubdir/Lehrveranstaltungen/VHDL-Kurs/pong_reference/src/sound_interface/applied_components/MMcodec01/frequenz_div.vhd sub00/vhpl33 1470207342
EN address_generator NULL //DR-TEETH/pubdir/Lehrveranstaltungen/VHDL-Kurs/pong_reference/src/sound_interface/address_generator.vhd sub00/vhpl14 1470207323
