#-----------------------------------------------------------
# PlanAhead v11.4
# Build 52232 by hdbuild on Fri Nov  6 19:12:51 PST 2009
# Start of session at: 6/30/10 12:00:55 PM
# Process ID: 2972
#-----------------------------------------------------------
source {Z:/Lehrveranstaltungen/VHDL-Kurs/ss_10/Uebungen/06_project/rotary_encoder/ise/pa.fromNetlist.tcl}
# hdi::project new -name rotary_encoder -dir Z:/Lehrveranstaltungen/VHDL-Kurs/ss_10/Uebungen/06_project/rotary_encoder/ise/planAhead_run_1 -netlist Z:/Lehrveranstaltungen/VHDL-Kurs/ss_10/Uebungen/06_project/rotary_encoder/ise/controller_interface_top.ngc -search_path  {Z:/Lehrveranstaltungen/VHDL-Kurs/ss_10/Uebungen/06_project/rotary_encoder/ise} 
# hdi::project setArch -name rotary_encoder -arch spartan3
# hdi::param set -name project.pinAheadLayout -bvalue yes
# hdi::param set -name project.paUcfFile -svalue controller_interface_top.ucf
# hdi::floorplan new -name floorplan_1 -part xc3s200vq100-5 -project rotary_encoder
# hdi::pconst import -project rotary_encoder -floorplan floorplan_1 -file controller_interface_top.ucf
#-----------------------------------------------------------
# End of session at: 6/30/10 4:23:39 PM
# Process ID: 2972
#-----------------------------------------------------------
