V3 29
FL //dr-teeth/pubdir/Lehrveranstaltungen/VHDL-Kurs/ss_10/Uebungen/06_project/rotary_encoder/ise/debounce.vhd 2010/06/29.11:08:36 L.68
PH work/debounce_pkg 1277893997 \
      FL //dr-teeth/pubdir/Lehrveranstaltungen/VHDL-Kurs/ss_10/Uebungen/06_project/rotary_encoder/ise/debounce.vhd \
      PB ieee/std_logic_1164 1258431800 PB ieee/std_logic_arith 1258431801 \
      PB ieee/STD_LOGIC_UNSIGNED 1258431802 CD debounce
PB work/debounce_pkg 1277893998 \
      FL //dr-teeth/pubdir/Lehrveranstaltungen/VHDL-Kurs/ss_10/Uebungen/06_project/rotary_encoder/ise/debounce.vhd \
      PH work/debounce_pkg 1277893997
EN work/debounce 1277893999 \
      FL //dr-teeth/pubdir/Lehrveranstaltungen/VHDL-Kurs/ss_10/Uebungen/06_project/rotary_encoder/ise/debounce.vhd \
      PB ieee/std_logic_1164 1258431800 PB ieee/std_logic_arith 1258431801 \
      PB ieee/STD_LOGIC_UNSIGNED 1258431802
AR work/debounce/debounce_arch 1277894000 \
      FL //dr-teeth/pubdir/Lehrveranstaltungen/VHDL-Kurs/ss_10/Uebungen/06_project/rotary_encoder/ise/debounce.vhd \
      EN work/debounce 1277893999
FL //dr-teeth/pubdir/Lehrveranstaltungen/VHDL-Kurs/ss_10/Uebungen/06_project/rotary_encoder/ise/rotary_encoder_top.vhd 2010/05/25.17:23:59 L.68
FL //dr-teeth/pubdir/Lehrveranstaltungen/VHDL-Kurs/ss_10/Uebungen/06_project/rotary_encoder/src/controller_interface.vhd 2010/06/30.11:56:55 L.68
EN work/controller_interface 1277894007 \
      FL //dr-teeth/pubdir/Lehrveranstaltungen/VHDL-Kurs/ss_10/Uebungen/06_project/rotary_encoder/src/controller_interface.vhd \
      PB ieee/std_logic_1164 1258431800 PB ieee/NUMERIC_STD 1258431801 \
      PB work/debounce_pkg 1277893998
AR work/controller_interface/controller_interface_arch 1277894008 \
      FL //dr-teeth/pubdir/Lehrveranstaltungen/VHDL-Kurs/ss_10/Uebungen/06_project/rotary_encoder/src/controller_interface.vhd \
      EN work/controller_interface 1277894007 CP debounce CP rot_enc_decoder
FL //dr-teeth/pubdir/Lehrveranstaltungen/VHDL-Kurs/ss_10/Uebungen/06_project/rotary_encoder/src/controller_interface_top.vhd 2010/06/30.12:33:05 L.68
EN work/controller_interface_top 1277894009 \
      FL //dr-teeth/pubdir/Lehrveranstaltungen/VHDL-Kurs/ss_10/Uebungen/06_project/rotary_encoder/src/controller_interface_top.vhd \
      PB ieee/std_logic_1164 1258431800 PB ieee/NUMERIC_STD 1258431801 \
      PB work/debounce_pkg 1277893998 PB work/reset_gen_pkg 1277894004
AR work/controller_interface_top/controller_interface_top_arch 1277894010 \
      FL //dr-teeth/pubdir/Lehrveranstaltungen/VHDL-Kurs/ss_10/Uebungen/06_project/rotary_encoder/src/controller_interface_top.vhd \
      EN work/controller_interface_top 1277894009 CP reset_gen \
      CP controller_interface
FL //dr-teeth/pubdir/Lehrveranstaltungen/VHDL-Kurs/ss_10/Uebungen/06_project/rotary_encoder/src/reset_gen.vhd 2008/12/09.15:23:50 L.68
PH work/reset_gen_pkg 1277894003 \
      FL //dr-teeth/pubdir/Lehrveranstaltungen/VHDL-Kurs/ss_10/Uebungen/06_project/rotary_encoder/src/reset_gen.vhd \
      PB ieee/std_logic_1164 1258431800 PB ieee/STD_LOGIC_UNSIGNED 1258431802 \
      CD reset_gen
PB work/reset_gen_pkg 1277894004 \
      FL //dr-teeth/pubdir/Lehrveranstaltungen/VHDL-Kurs/ss_10/Uebungen/06_project/rotary_encoder/src/reset_gen.vhd \
      PH work/reset_gen_pkg 1277894003
EN work/reset_gen 1277894005 \
      FL //dr-teeth/pubdir/Lehrveranstaltungen/VHDL-Kurs/ss_10/Uebungen/06_project/rotary_encoder/src/reset_gen.vhd \
      PB ieee/std_logic_1164 1258431800 PB ieee/std_logic_arith 1258431801 \
      PB ieee/STD_LOGIC_UNSIGNED 1258431802
AR work/reset_gen/arch_reset_gen 1277894006 \
      FL //dr-teeth/pubdir/Lehrveranstaltungen/VHDL-Kurs/ss_10/Uebungen/06_project/rotary_encoder/src/reset_gen.vhd \
      EN work/reset_gen 1277894005
FL //dr-teeth/pubdir/Lehrveranstaltungen/VHDL-Kurs/ss_10/Uebungen/06_project/rotary_encoder/src/rotary_encoder_top.vhd 2010/06/28.11:56:04 L.68
EN work/rotary_encoder_top 1277718984 \
      FL //dr-teeth/pubdir/Lehrveranstaltungen/VHDL-Kurs/ss_10/Uebungen/06_project/rotary_encoder/src/rotary_encoder_top.vhd \
      PB ieee/std_logic_1164 1258431800 PB ieee/NUMERIC_STD 1258431801 \
      PB work/debounce_pkg 1277893998 PB work/reset_gen_pkg 1277894004
AR work/rotary_encoder_top/rotary_encoder_top_arch 1277718985 \
      FL //dr-teeth/pubdir/Lehrveranstaltungen/VHDL-Kurs/ss_10/Uebungen/06_project/rotary_encoder/src/rotary_encoder_top.vhd \
      EN work/rotary_encoder_top 1277718984 CP reset_gen CP debounce \
      CP rot_enc_decoder
FL //dr-teeth/pubdir/Lehrveranstaltungen/VHDL-Kurs/ss_10/Uebungen/06_project/rotary_encoder/src/rot_enc_decoder.vhd 2010/06/09.12:37:42 L.68
EN work/rot_enc_decoder 1277894001 \
      FL //dr-teeth/pubdir/Lehrveranstaltungen/VHDL-Kurs/ss_10/Uebungen/06_project/rotary_encoder/src/rot_enc_decoder.vhd \
      PB ieee/std_logic_1164 1258431800
AR work/rot_enc_decoder/rot_enc_decoder_arch 1277894002 \
      FL //dr-teeth/pubdir/Lehrveranstaltungen/VHDL-Kurs/ss_10/Uebungen/06_project/rotary_encoder/src/rot_enc_decoder.vhd \
      EN work/rot_enc_decoder 1277894001
